
> credimestre-prototype@0.0.0 build
> tsc && vite build

[36mvite v5.4.21 [32mbuilding for production...[36m[39m
[32mÔ£ô[39m 0 modules transformed.
node.exe : 
[31mx[39m Build 
failed in 20ms
No linha:1 
caractere:1
+ & "C:\Program Files
\nodejs/node.exe" "C:
\Users\Windows\AppDat
a\Roamin ...
+ ~~~~~~~~~~~~~~~~~~~
~~~~~~~~~~~~~~~~~~~~~
~~~~~~~~~~~~~~~~~~~~~
~~~~~~~~
    + CategoryInfo   
           : NotSpe  
  cified: ([31mx   
 [39m Build faile    
d in 20ms:String    
) [], RemoteExce    
ption
    + FullyQualified 
   ErrorId : Native  
  CommandError
 
[31merror during 
build:
[31mCould not 
resolve entry module 
"index.html".[31m
    at 
getRollupError (file:
///C:/Projetos%20VS%2
0Code/credimestre/cre
dimestre-prototype/no
de_modules/rollup/dis
t/es/shared/parseAst.
js:401:41)
    at error (file://
/C:/Projetos%20VS%20C
ode/credimestre/credi
mestre-prototype/node
_modules/rollup/dist/
es/shared/parseAst.js
:397:42)
    at ModuleLoader.l
oadEntryModule (file:
///C:/Projetos%20VS%2
0Code/credimestre/cre
dimestre-prototype/no
de_modules/rollup/dis
t/es/shared/node-entr
y.js:21611:20)
    at async 
Promise.all (index 
0)[39m
