src/components/layout/Layout.tsx(5,31): error TS6133: 'SheetTrigger' is declared but its value is never read.
src/components/layout/Sidebar.tsx(2,59): error TS6133: 'LogOut' is declared but its value is never read.
src/mocks/handlers.ts(122,33): error TS6133: 'request' is declared but its value is never read.
